// Jest Snapshot v1, https://goo.gl/fbAQLP

exports[`should render expense list 1`] = `
<div>
  <h1>
     List 
  </h1>
  <Connect(ExpenseListItem)
    amount={132}
    createdAt={0}
    description="rent"
    id="1"
    key="1"
    note=""
  />
  <Connect(ExpenseListItem)
    amount={12}
    createdAt={-345600000}
    description="foo"
    id="2"
    key="2"
    note="sadasdasasd"
  />
  <Connect(ExpenseListItem)
    amount={345}
    createdAt={432000000}
    description="water"
    id="3"
    key="3"
    note="sadasdasasd"
  />
</div>
`;

exports[`should render with empty message 1`] = `
<div>
  <h1>
     List 
  </h1>
  <p>
     No expenses 
  </p>
</div>
`;
